Windows PowerShell
Copyright (C) Microsoft Corporation. All rights reserved.

powershell : The argument '.\build.ps1' to the -File parameter does not exist. Provide the path to an existing '.ps1' file as an argument to the -File parameter.
At line:1 char:1
+ powershell -ExecutionPolicy Bypass -File .\build.ps1 -BuildType Relea ...
+ ~~~~~~~~~~~~~~~~~~~~~~~~~~~~~~~~~~~~~~~~~~~~~~~~~~~~~~~~~~~~~~~~~~~~~
    + CategoryInfo          : NotSpecified: (The argument '....File parameter.:String) [], RemoteException
    + FullyQualifiedErrorId : NativeCommandError
 
Install the latest PowerShell for new features and improvements! https://aka.ms/PSWindows

==> Configuring (Release)...
-- Running vcpkg install
Detecting compiler hash for triplet x64-windows...
Compiler found: C:/Program Files (x86)/Microsoft Visual Studio/2022/BuildTools/VC/Tools/MSVC/14.44.35207/bin/Hostx64/x64/cl.exe
The following packages are already installed:
  * vcpkg-cmake:x64-windows@2024-04-23
  * vcpkg-cmake-get-vars:x64-windows@2025-05-29
  * vcpkg-make:x64-windows@2026-01-01
    x264[core,gpl,asm]:x64-windows@0.164.3108#2
x264 provides pkg-config modules:

  # H.264 (MPEG4 AVC) encoder library
  x264

All requested installations completed successfully in: 770 us
-- Running vcpkg install - done
-- Selecting Windows SDK version 10.0.26100.0 to target Windows 10.0.26200.
-- Configuring done (11.1s)
-- Generating done (0.2s)
-- Build files have been written to: C:/Projects/PocketDisplay/windows/build
==> Building...
MSBuild version 17.14.40+3e7442088 for .NET Framework

  main.cpp
  Session.cpp
  GuiApp.cpp
  ScreenCapture.cpp
C:\Projects\PocketDisplay\windows\src\GuiApp.cpp(230,64): warning C4100: 'ch': unreferenced parameter [C:\Projects\PocketDisplay\windows\build\PocketDisplay.vcxproj]
C:\Projects\PocketDisplay\windows\src\GuiApp.cpp(415,17): warning C4189: 'cw': local variable is initialized but not referenced [C:\Projects\PocketDisplay\windows\build\PocketDisplay.vcxproj]
  Encoder.cpp
  HwEncoder.cpp
C:\Projects\PocketDisplay\windows\src\HwEncoder.cpp(205,19): error C2065: 'MFT_ENUM_FLAG_SOFTWARE': undeclared identifier [C:\Projects\PocketDisplay\windows\build\PocketDisplay.vcxproj]
C:\Projects\PocketDisplay\windows\src\HwEncoder.cpp(204,9): error C2660: 'MFTEnumEx': function does not take 5 arguments [C:\Projects\PocketDisplay\windows\build\PocketDisplay.vcxproj]
      C:\Program Files (x86)\Windows Kits\10\Include\10.0.26100.0\um\mfapi.h(2032,1):
      see declaration of 'MFTEnumEx'
      C:\Projects\PocketDisplay\windows\src\HwEncoder.cpp(204,9):
      while trying to match the argument list '(const GUID, MFT_REGISTER_TYPE_INFO *, MFT_REGISTER_TYPE_INFO *, IMFActivate ***, UINT32 *)'
  
  TcpVideoServer.cpp
  AdbUsbSetup.cpp
  TouchReceiver.cpp
  VirtualDisplayDriver.cpp
  Generating Code...
powershell : C:\Projects\PocketDisplay\windows\build.ps1 : Build failed
At line:1 char:1
+ powershell -ExecutionPolicy Bypass -File "c:\Projects\PocketDisplay\w ...
+ ~~~~~~~~~~~~~~~~~~~~~~~~~~~~~~~~~~~~~~~~~~~~~~~~~~~~~~~~~~~~~~~~~~~~~
    + CategoryInfo          : NotSpecified: (C:\Projects\Poc... : Build failed:String) [], RemoteException
    + FullyQualifiedErrorId : NativeCommandError
 
    + CategoryInfo          : NotSpecified: (:) [Write-Error], WriteErrorException
    + FullyQualifiedErrorId : Microsoft.PowerShell.Commands.WriteErrorException,build.ps1
 
==> Configuring (Release)...
-- Running vcpkg install
Detecting compiler hash for triplet x64-windows...
Compiler found: C:/Program Files (x86)/Microsoft Visual Studio/2022/BuildTools/VC/Tools/MSVC/14.44.35207/bin/Hostx64/x64/cl.exe
The following packages are already installed:
  * vcpkg-cmake:x64-windows@2024-04-23
  * vcpkg-cmake-get-vars:x64-windows@2025-05-29
  * vcpkg-make:x64-windows@2026-01-01
    x264[core,gpl,asm]:x64-windows@0.164.3108#2
x264 provides pkg-config modules:

  # H.264 (MPEG4 AVC) encoder library
  x264

All requested installations completed successfully in: 629 us
-- Running vcpkg install - done
-- Selecting Windows SDK version 10.0.26100.0 to target Windows 10.0.26200.
-- Configuring done (4.8s)
-- Generating done (0.1s)
-- Build files have been written to: C:/Projects/PocketDisplay/windows/build
==> Building...
MSBuild version 17.14.40+3e7442088 for .NET Framework

  HwEncoder.cpp
LINK : fatal error LNK1104: cannot open file 'C:\Projects\PocketDisplay\windows\build\Release\PocketDisplay.exe' [C:\Projects\PocketDisplay\windows\build\PocketDisplay.vcxproj]
powershell : C:\Projects\PocketDisplay\windows\build.ps1 : Build failed
At line:1 char:1
+ powershell -ExecutionPolicy Bypass -File "c:\Projects\PocketDisplay\w ...
+ ~~~~~~~~~~~~~~~~~~~~~~~~~~~~~~~~~~~~~~~~~~~~~~~~~~~~~~~~~~~~~~~~~~~~~
    + CategoryInfo          : NotSpecified: (C:\Projects\Poc... : Build failed:String) [], RemoteException
    + FullyQualifiedErrorId : NativeCommandError
 
    + CategoryInfo          : NotSpecified: (:) [Write-Error], WriteErrorException
    + FullyQualifiedErrorId : Microsoft.PowerShell.Commands.WriteErrorException,build.ps1
 
==> Configuring (Release)...
-- Running vcpkg install
All requested packages are currently installed.
All requested installations completed successfully in: 235 us
-- Running vcpkg install - done
-- Selecting Windows SDK version 10.0.26100.0 to target Windows 10.0.26200.
-- The CXX compiler identification is MSVC 19.44.35226.0
-- Detecting CXX compiler ABI info
-- Detecting CXX compiler ABI info - done
-- Check for working CXX compiler: C:/Program Files (x86)/Microsoft Visual Studio/2022/BuildTools/VC/Tools/MSVC/14.44.35207/bin/Hostx64/x64/cl.exe - skipped
-- Detecting CXX compile features
-- Detecting CXX compile features - done
-- Configuring done (3.0s)
-- Generating done (0.1s)
-- Build files have been written to: C:/Projects/PocketDisplay/windows/build
==> Building...
MSBuild version 17.14.40+3e7442088 for .NET Framework

  1>Checking Build System
  Building Custom Rule C:/Projects/PocketDisplay/windows/CMakeLists.txt
  PocketDisplay.vcxproj -> C:\Projects\PocketDisplay\windows\build\Release\PocketDisplay.exe
  	Copying runtime assets to output dir							
  Building Custom Rule C:/Projects/PocketDisplay/windows/CMakeLists.txt

==> Done: C:\Projects\PocketDisplay\windows\build\Release\PocketDisplay.exe
    WiFi: & 'C:\Projects\PocketDisplay\windows\build\Release\PocketDisplay.exe' <android_ip> [--hw]
    USB:  & 'C:\Projects\PocketDisplay\windows\build\Release\PocketDisplay.exe' --usb [--hw]   (run usb_connect.bat first)
